gallery/autumn/list.properties
gallery/layout.properties
gallery/spring/013-014.jpg
gallery/spring/03-04.jpg
gallery/spring/107-108-109.jpg
gallery/spring/121-122-123.jpg
gallery/spring/128-129.jpg
gallery/spring/43.jpg
gallery/spring/list.properties
gallery/summer/list.properties
gallery/winter/list.properties
generic/images/blogicon.png
generic/images/facebookicon.png
generic/images/flickricon.png
generic/images/no_image.gif
generic/images/twittericon.png
generic/js/jquery.js
generic/js/si.gallery.js
generic/ui/css/jquery.mobile/images/ajax-loader.gif
generic/ui/css/jquery.mobile/images/ajax-loader.png
generic/ui/css/jquery.mobile/images/icons-18-black.png
generic/ui/css/jquery.mobile/images/icons-18-white.png
generic/ui/css/jquery.mobile/images/icons-36-black.png
generic/ui/css/jquery.mobile/images/icons-36-white.png
generic/ui/css/jquery.mobile/jquery.mobile-1.1.0.css
generic/ui/css/jquery.mobile/jquery.mobile.css
generic/ui/css/jquery.mobile/jquery.mobile.structure-1.1.0.min.css
generic/ui/css/jquery.mobile/jquery.mobile.structure.css
generic/ui/css/jquery.mobile/jquery.mobile.theme-1.1.0.css
generic/ui/css/jquery.mobile/jquery.mobile.theme-1.1.0.min.css
generic/ui/js/jquery.mobile.js
PhotoSwipe/change.log
PhotoSwipe/code.photoswipe-3.0.4.js
PhotoSwipe/code.photoswipe-3.0.4.min.js
PhotoSwipe/code.photoswipe.jquery-3.0.4.js
PhotoSwipe/code.photoswipe.jquery-3.0.4.min.js
PhotoSwipe/error.gif
PhotoSwipe/examples/01-default.html
PhotoSwipe/examples/02-jquery.html
PhotoSwipe/examples/03-multiple-image-sets.html
PhotoSwipe/examples/04-jquery-mobile.html
PhotoSwipe/examples/05-jquery-mobile-ajax.html
PhotoSwipe/examples/06-events.html
PhotoSwipe/examples/07-custom-toolbar.html
PhotoSwipe/examples/08-exclusive-mode.html
PhotoSwipe/examples/09-exclusive-mode-no-thumbnails.html
PhotoSwipe/examples/10-image-meta-data.html
PhotoSwipe/examples/11-custom-captions.html
PhotoSwipe/examples/12-custom-target.html
PhotoSwipe/examples/13-custom-target-with-indicators.html
PhotoSwipe/examples/14-tap-image-go-to-url.html
PhotoSwipe/examples/ajax-gallery1.html
PhotoSwipe/examples/ajax-gallery2.html
PhotoSwipe/examples/debug-inline.html
PhotoSwipe/examples/debug-jquery-mobile.html
PhotoSwipe/examples/debug-jquery.html
PhotoSwipe/examples/debug.html
PhotoSwipe/examples/images/blogicon.png
PhotoSwipe/examples/images/codecomputerlovelogo.gif
PhotoSwipe/examples/images/facebookicon.png
PhotoSwipe/examples/images/flickricon.png
PhotoSwipe/examples/images/full/001.jpg
PhotoSwipe/examples/images/full/002.jpg
PhotoSwipe/examples/images/full/003.jpg
PhotoSwipe/examples/images/full/004.jpg
PhotoSwipe/examples/images/full/005.jpg
PhotoSwipe/examples/images/full/006.jpg
PhotoSwipe/examples/images/full/007.jpg
PhotoSwipe/examples/images/full/008.jpg
PhotoSwipe/examples/images/full/009.jpg
PhotoSwipe/examples/images/full/010.jpg
PhotoSwipe/examples/images/full/011.jpg
PhotoSwipe/examples/images/full/012.jpg
PhotoSwipe/examples/images/full/013.jpg
PhotoSwipe/examples/images/full/014.jpg
PhotoSwipe/examples/images/full/015.jpg
PhotoSwipe/examples/images/full/016.jpg
PhotoSwipe/examples/images/full/017.jpg
PhotoSwipe/examples/images/full/018.jpg
PhotoSwipe/examples/images/full/019.jpg
PhotoSwipe/examples/images/full/020.jpg
PhotoSwipe/examples/images/thumb/001.jpg
PhotoSwipe/examples/images/thumb/002.jpg
PhotoSwipe/examples/images/thumb/003.jpg
PhotoSwipe/examples/images/thumb/004.jpg
PhotoSwipe/examples/images/thumb/005.jpg
PhotoSwipe/examples/images/thumb/006.jpg
PhotoSwipe/examples/images/thumb/007.jpg
PhotoSwipe/examples/images/thumb/008.jpg
PhotoSwipe/examples/images/thumb/009.jpg
PhotoSwipe/examples/images/thumb/010.jpg
PhotoSwipe/examples/images/thumb/011.jpg
PhotoSwipe/examples/images/thumb/012.jpg
PhotoSwipe/examples/images/thumb/013.jpg
PhotoSwipe/examples/images/thumb/014.jpg
PhotoSwipe/examples/images/thumb/015.jpg
PhotoSwipe/examples/images/thumb/016.jpg
PhotoSwipe/examples/images/thumb/017.jpg
PhotoSwipe/examples/images/thumb/018.jpg
PhotoSwipe/examples/images/thumb/019.jpg
PhotoSwipe/examples/images/thumb/020.jpg
PhotoSwipe/examples/images/twittericon.png
PhotoSwipe/examples/index.html
PhotoSwipe/examples/jquery-mobile.css
PhotoSwipe/examples/styles.css
PhotoSwipe/icons.png
PhotoSwipe/icons@2x.png
PhotoSwipe/lib/klass.min.js
PhotoSwipe/loader.gif
PhotoSwipe/MIT-license.txt
PhotoSwipe/noutil/code.photoswipe.noutil-3.0.4.js
PhotoSwipe/noutil/code.photoswipe.noutil-3.0.4.min.js
PhotoSwipe/noutil/code.photoswipe.noutil.jquery-3.0.4.js
PhotoSwipe/noutil/code.photoswipe.noutil.jquery-3.0.4.min.js
PhotoSwipe/photoswipe.css
index.html